record1
record2
record3
rec4
rec5
rec7
rec8
rec9